== coleta iniciada em 05/10/2026 22:56:38
== tempo (20 repeticoes)
[     0 s] entrada=aleatorio n=1000
[     0 s] entrada=aleatorio n=2000
[     0 s] entrada=aleatorio n=5000
[     1 s] entrada=aleatorio n=10000
[     2 s] entrada=aleatorio n=20000
[     8 s] entrada=aleatorio n=50000
[    44 s] entrada=aleatorio n=100000
[   166 s] entrada=aleatorio n=200000
[   655 s] entrada=aleatorio n=500000
[  3693 s] entrada=aleatorio n=1000000
[  3709 s] entrada=aleatorio n=2000000
[  3744 s] entrada=aleatorio n=5000000
[  3842 s] entrada=aleatorio n=10000000
[  4049 s] entrada=ordenado n=1000
[  4050 s] entrada=ordenado n=2000
[  4050 s] entrada=ordenado n=5000
[  4050 s] entrada=ordenado n=10000
[  4052 s] entrada=ordenado n=20000
[  4060 s] entrada=ordenado n=50000
[  4111 s] entrada=ordenado n=100000
[  4311 s] entrada=ordenado n=200000
[  5110 s] entrada=ordenado n=500000
[ 10132 s] entrada=ordenado n=1000000
[ 10140 s] entrada=ordenado n=2000000
[ 10159 s] entrada=ordenado n=5000000
[ 10207 s] entrada=ordenado n=10000000
[ 10308 s] entrada=inverso n=1000
[ 10308 s] entrada=inverso n=2000
[ 10308 s] entrada=inverso n=5000
[ 10309 s] entrada=inverso n=10000
[ 10311 s] entrada=inverso n=20000
[ 10321 s] entrada=inverso n=50000
[ 10385 s] entrada=inverso n=100000
[ 10636 s] entrada=inverso n=200000
[ 11642 s] entrada=inverso n=500000
[ 17942 s] entrada=inverso n=1000000
[ 17951 s] entrada=inverso n=2000000
[ 17969 s] entrada=inverso n=5000000
[ 18018 s] entrada=inverso n=10000000
[ 18119 s] entrada=quase n=1000
[ 18119 s] entrada=quase n=2000
[ 18119 s] entrada=quase n=5000
[ 18120 s] entrada=quase n=10000
[ 18121 s] entrada=quase n=20000
[ 18124 s] entrada=quase n=50000
[ 18148 s] entrada=quase n=100000
[ 18241 s] entrada=quase n=200000
[ 18612 s] entrada=quase n=500000
[ 20946 s] entrada=quase n=1000000
[ 20957 s] entrada=quase n=2000000
[ 20982 s] entrada=quase n=5000000
[ 21048 s] entrada=quase n=10000000
== tempo terminado em 04:49:31 (codigo 0)
== operacoes (5 repeticoes)
[     0 s] entrada=aleatorio n=1000
[     0 s] entrada=aleatorio n=2000
[     0 s] entrada=aleatorio n=5000
[     0 s] entrada=aleatorio n=10000
[     1 s] entrada=aleatorio n=20000
[     2 s] entrada=aleatorio n=50000
[    12 s] entrada=aleatorio n=100000
[    50 s] entrada=aleatorio n=200000
[   204 s] entrada=aleatorio n=500000
[  1160 s] entrada=aleatorio n=1000000
[  1166 s] entrada=aleatorio n=2000000
[  1177 s] entrada=aleatorio n=5000000
[  1208 s] entrada=aleatorio n=10000000
[  1275 s] entrada=ordenado n=1000
[  1275 s] entrada=ordenado n=2000
[  1275 s] entrada=ordenado n=5000
[  1275 s] entrada=ordenado n=10000
[  1276 s] entrada=ordenado n=20000
[  1280 s] entrada=ordenado n=50000
[  1302 s] entrada=ordenado n=100000
[  1394 s] entrada=ordenado n=200000
[  1760 s] entrada=ordenado n=500000
[  4048 s] entrada=ordenado n=1000000
[  4051 s] entrada=ordenado n=2000000
[  4058 s] entrada=ordenado n=5000000
[  4077 s] entrada=ordenado n=10000000
[  4115 s] entrada=inverso n=1000
[  4115 s] entrada=inverso n=2000
[  4115 s] entrada=inverso n=5000
[  4115 s] entrada=inverso n=10000
[  4116 s] entrada=inverso n=20000
[  4120 s] entrada=inverso n=50000
[  4145 s] entrada=inverso n=100000
[  4243 s] entrada=inverso n=200000
[  4635 s] entrada=inverso n=500000
[  7088 s] entrada=inverso n=1000000
[  7091 s] entrada=inverso n=2000000
[  7098 s] entrada=inverso n=5000000
[  7117 s] entrada=inverso n=10000000
[  7156 s] entrada=quase n=1000
[  7156 s] entrada=quase n=2000
[  7156 s] entrada=quase n=5000
[  7157 s] entrada=quase n=10000
[  7157 s] entrada=quase n=20000
[  7158 s] entrada=quase n=50000
[  7164 s] entrada=quase n=100000
[  7189 s] entrada=quase n=200000
[  7287 s] entrada=quase n=500000
[  7894 s] entrada=quase n=1000000
[  7899 s] entrada=quase n=2000000
[  7908 s] entrada=quase n=5000000
[  7933 s] entrada=quase n=10000000
== operacoes terminado em 07:02:38 (codigo 0)
== coleta concluida em 06/10/2026 07:02:38
